INFO:__main__:Started 2026-08-19 19:28:29.831859
INFO:__main__:Driver not Found ('Brandon McSwain', 'Trackhouse Racing', '#', '33', 'Alva, Florida', 'Jockey 150th Anniversary ', '#')
INFO:__main__:Driver not Found ('Brian Wilson', 'Team Penske', '#', '27', 'Mooresville, North Carolina', 'Menards \\ Quaker State', '#')
INFO:__main__:Driver not Found ('Richard Boswell II', 'Richard Childress Racing', '#', '36', 'Welcome, North Carolina', 'Bass Pro Shops/Winchester Supreme Long Range', '#')
INFO:__main__:Driver not Found ('Grant Hutchens', 'Front Row Motorsports', '#', '28', 'Las Vegas, Nevada', "Long John Silver's", '#')
INFO:__main__:Driver not Found ('Cliff Daniels', 'Hendrick Motorsports', '#', '34', 'Elk Grove, California', 'HendrickCars.com ', '#')
INFO:__main__:Driver not Found ('Jeremy Bullins', 'RFK Racing', '#', '42', 'Rochester Hills, Michigan', 'BuildSubmarines.com', '#')
INFO:__main__:Driver not Found ('Ryan Sparks', 'Spire Motorsports', '#', '34', 'Monterrey, Mexico', 'UHP.com', '#')
INFO:__main__:Driver not Found ('Alan Gustafson', 'Hendrick Motorsports', '#', '30', 'Dawsonville, Georgia', 'UniFirst', '#')
INFO:__main__:Driver not Found ('Andrew Dickeson', 'Kaulig Racing', '#', '34', 'Welcome, North Carolina', 'Beaver Street Fisheries', '#')
INFO:__main__:Driver not Found ('Chris Gayle', 'Joe Gibbs Racing', '#', '45', 'Chesterfield, Virginia', "Bob's Discount Furniture ", '#')
INFO:__main__:Driver not Found ('Jonathan Hassler', 'Team Penske', '#', '32', 'High Point, North Carolina', 'BodyArmor Flash I.V.', '#')
INFO:__main__:Driver not Found ('Trent Owens', 'Kaulig Racing', '#', '44', 'Los Gatos, California', 'BLACK’S TIRE / Down East Heat & Air', '#')
INFO:__main__:Driver not Found ('Scott Graves', 'RFK Racing', '#', '33', 'Prosper, Texas', 'Kroger / Grab Kleenex', '#')
INFO:__main__:Driver not Found ('James Small', 'Joe Gibbs Racing', '#', '31', 'Mitchell, Indiana', 'Bass Pro Shops ', '#')
INFO:__main__:Driver not Found ('Adam Stevens', 'Joe Gibbs Racing', '#', '31', 'Norman, Oklahoma', 'DEWALT  ', '#')
INFO:__main__:Driver not Found ('Samuel Stanley', 'Wood Brothers Racing', '#', '35', 'Hendersonville, Tennessee', 'Motorcraft/Quick Lane ', '#')
INFO:__main__:Driver not Found ('Paul Wolfe', 'Team Penske', '#', '36', 'Middletown, Connecticut', 'Shell Pennzoil', '#')
INFO:__main__:Driver not Found ('Charles Denike', '23XI Racing', '#', '32', 'Mobile, Alabama', 'XFINITY', '#')
INFO:__main__:Driver not Found ('Rudy Fugle', 'Hendrick Motorsports', '#', '28', 'Charlotte, North Carolina', 'Cincinnati', '#')
INFO:__main__:Driver not Found ('Andy Street', 'Richard Childress Racing', '#', '32', 'Winston, Georgia', 'Morgan & Morgan ', '#')
INFO:__main__:Driver not Found ('Chris Lawson', 'Front Row Motorsports', '#', '26', 'Sherrills Ford, North Carolina', "Love's Travel Stops", '#')
INFO:__main__:Driver not Found ('Davin Restivo', '23XI Racing', '#', '27', 'Las Vegas, Nevada', 'Monster Energy', '#')
INFO:__main__:Driver not Found ('Ryan Bergenty', 'Front Row Motorsports', '#', '27', 'Huntington Beach, California', "Aaron's Rent to Own", '#')
INFO:__main__:Driver not Found ('Aaron Kramer', 'Haas Factory Team', '#', '28', 'Ladera Ranch, California', 'HaasTooling.com', '#')
INFO:__main__:Driver not Found ('Travis Mack', 'Legacy Motor Club', '#', '29', 'Mooresville, North Carolina', 'Rexel', '#')
INFO:__main__:Driver not Found ('Justin Alexander', 'Legacy Motor Club', '#', '30', 'Byron, Michigan', 'Dollar Tree', '#')
INFO:__main__:Driver not Found ('Billy Scott', '23XI Racing', '#', '30', 'Corning, California', 'Pinnacle', '#')
INFO:__main__:Driver not Found ('Mike Kelley', 'HYAK Motorsports', '#', '38', 'Olive Branch, Mississippi', 'Brazier Lumber Company', '#')
INFO:__main__:Driver not Found ('Blake Harris', 'Hendrick Motorsports', '#', '33', 'Tucson, Arizona', 'Ally', '#')
INFO:__main__:Driver not Found ('Billy Plourde', 'Rick Ware Racing', '#', '30', 'Greensboro, North Carolina', 'Rocket Doctor', '#')
INFO:__main__:Driver not Found ('Tyler Allen', 'Joe Gibbs Racing', '#', '23', 'Charlotte, North Carolina', 'Victory Junction/Cookout ', '#')
INFO:__main__:Driver not Found ('Derrick Finley', 'RFK Racing', '#', '35', 'Berlin, Connecticut', 'Castrol', '#')
INFO:__main__:Driver not Found ('Carl Long', 'Garage 66', '#', '31', 'Menomonee Falls, Wisconsin', 'Southern Tier Security', '#')
INFO:__main__:Driver not Found ('Travis Peterson', 'Spire Motorsports', '#', '41', 'Glendale, Arizona', 'Workforce', '#')
INFO:__main__:Driver not Found ('Lucas Lambert', 'Spire Motorsports', '#', '23', 'Portage, Michigan', 'Zeigler Auto Group', '#')
INFO:__main__:Driver not Found ('Randall Burnett', 'Trackhouse Racing', '#', '20', 'Mooresville, North Carolina', 'WeatherTech', '#')
INFO:__main__:Driver not Found ('Stephen Doran', 'Trackhouse Racing', '#', '37', 'Auckland, New Zealand', 'Mitti', '#')
